Ôû▓ Next.js 16.2.2 (Turbopack)

  Creating an optimized production build ...
Ô£ô Compiled successfully in 6.1s
  Running TypeScript ...
  Finished TypeScript in 4.4s ...
  Collecting page data using 3 workers ...
  Generating static pages using 3 workers (0/3) ...
Ô£ô Generating static pages using 3 workers (3/3) in 322ms
  Finalizing page optimization ...

Route (app)
Ôöî Ôùï /
Ôöö Ôùï /_not-found


Ôùï  (Static)  prerendered as static content

